\BOOKMARK [1][-]{section.1}{\376\377\000O\000r\000b\000i\000t\000a\000l\000\040\000m\000e\000c\000h\000a\000n\000i\000c\000s\000:\000\040\000d\000e\000t\000a\000i\000l\000e\000d\000\040\000m\000e\000t\000h\000o\000d\000s}{}% 1
\BOOKMARK [2][-]{subsection.1.1}{\376\377\000R\000e\000f\000e\000r\000e\000n\000c\000e\000\040\000e\000p\000o\000c\000h\000\040\000a\000n\000d\000\040\000c\000o\000o\000r\000d\000i\000n\000a\000t\000e\000\040\000s\000y\000s\000t\000e\000m}{section.1}% 2
\BOOKMARK [2][-]{subsection.1.2}{\376\377\000E\000a\000s\000t\040\023\000N\000o\000r\000t\000h\040\023\000U\000p\000\040\000r\000o\000t\000a\000t\000i\000o\000n\000\040\000m\000a\000t\000r\000i\000c\000e\000s}{section.1}% 3
\BOOKMARK [2][-]{subsection.1.3}{\376\377\000H\000e\000l\000i\000o\000c\000e\000n\000t\000r\000i\000c\000\040\000o\000r\000b\000i\000t\000\040\000p\000r\000o\000p\000a\000g\000a\000t\000i\000o\000n}{section.1}% 4
\BOOKMARK [2][-]{subsection.1.4}{\376\377\000G\000e\000o\000c\000e\000n\000t\000r\000i\000c\000\040\000o\000r\000b\000i\000t\000\040\000p\000r\000o\000p\000a\000g\000a\000t\000i\000o\000n}{section.1}% 5
\BOOKMARK [2][-]{subsection.1.5}{\376\377\000G\000u\000i\000d\000a\000n\000c\000e\000\040\000a\000n\000d\000\040\000s\000t\000o\000p\000p\000i\000n\000g\000\040\000c\000r\000i\000t\000e\000r\000i\000a}{section.1}% 6
\BOOKMARK [2][-]{subsection.1.6}{\376\377\000O\000r\000b\000i\000t\000a\000l\000\040\000p\000a\000r\000a\000m\000e\000t\000e\000r\000\040\000s\000u\000r\000v\000e\000y\000\040\000g\000r\000i\000d\000s}{section.1}% 7
\BOOKMARK [2][-]{subsection.1.7}{\376\377\000M\000o\000n\000t\000e\000\040\000C\000a\000r\000l\000o\000\040\000r\000e\000f\000i\000n\000e\000m\000e\000n\000t\000\040\000s\000w\000e\000e\000p\000s}{section.1}% 8
\BOOKMARK [2][-]{subsection.1.8}{\376\377\000A\000n\000a\000l\000y\000t\000i\000c\000a\000l\000\040\000d\000e\000r\000i\000v\000a\000t\000i\000o\000n\000\040\000o\000f\000\040\000t\000h\000e\000\040\000g\000u\000i\000d\000a\000n\000c\000e\040\023\000s\000t\000o\000p\000p\000i\000n\000g\000\040\000c\000o\000r\000r\000e\000l\000a\000t\000i\000o\000n}{section.1}% 9
\BOOKMARK [2][-]{subsection.1.9}{\376\377\000R\000e\000f\000e\000r\000e\000n\000c\000e\000\040\000f\000r\000a\000m\000e\000s\000\040\000a\000n\000d\000\040\000t\000h\000e\000\040\000g\000r\000o\000u\000n\000d\000-\000o\000b\000s\000e\000r\000v\000e\000r\000\040\000c\000o\000n\000s\000t\000r\000a\000i\000n\000t}{section.1}% 10
\BOOKMARK [2][-]{subsection.1.10}{\376\377\000G\000e\000o\000c\000e\000n\000t\000r\000i\000c\000\040\000o\000r\000b\000i\000t\000a\000l\000\040\000s\000u\000r\000v\000e\000y\000:\000\040\000d\000e\000t\000a\000i\000l\000e\000d\000\040\000r\000e\000s\000u\000l\000t\000s}{section.1}% 11
\BOOKMARK [1][-]{section.2}{\376\377\000H\000i\000s\000t\000o\000r\000y\000\040\000o\000f\000\040\000i\000n\000t\000e\000r\000p\000r\000e\000t\000a\000t\000i\000o\000n\000:\000\040\000d\000e\000t\000a\000i\000l\000e\000d\000\040\000m\000e\000t\000h\000o\000d\000s}{}% 12
\BOOKMARK [2][-]{subsection.2.1}{\376\377\000T\000h\000e\000\040\000u\000n\000a\000n\000i\000m\000o\000u\000s\000\040\000p\000r\000e\000-\000m\000o\000d\000e\000r\000n\000\040\000v\000e\000r\000d\000i\000c\000t\000:\000\040\000a\000\040\000s\000u\000p\000e\000r\000n\000a\000t\000u\000r\000a\000l\000,\000\040\000n\000o\000n\000-\000a\000s\000t\000r\000o\000n\000o\000m\000i\000c\000a\000l\000\040\000p\000h\000e\000n\000o\000m\000e\000n\000o\000n}{section.2}% 13
\BOOKMARK [2][-]{subsection.2.2}{\376\377\000T\000h\000e\000\040\000m\000o\000d\000e\000r\000n\000\040\000n\000a\000t\000u\000r\000a\000l\000i\000s\000t\000i\000c\000\040\000t\000u\000r\000n}{section.2}% 14
\BOOKMARK [2][-]{subsection.2.3}{\376\377\000A\000t\000t\000e\000m\000p\000t\000s\000\040\000t\000o\000\040\000r\000e\000-\000r\000e\000a\000d\000\040\000M\000a\000t\000t\000h\000e\000w\000'\000s\000\040\000G\000r\000e\000e\000k\000\040\000a\000s\000\040\000a\000s\000t\000r\000o\000n\000o\000m\000i\000c\000a\000l\000\040\000o\000r\000\040\000a\000s\000t\000r\000o\000l\000o\000g\000i\000c\000a\000l\000\040\000t\000e\000r\000m\000i\000n\000o\000l\000o\000g\000y}{section.2}% 15
\BOOKMARK [1][-]{section.3}{\376\377\000C\000o\000r\000p\000u\000s\000\040\000l\000i\000n\000g\000u\000i\000s\000t\000i\000c\000s\000:\000\040\000d\000e\000t\000a\000i\000l\000e\000d\000\040\000m\000e\000t\000h\000o\000d\000s}{}% 16
\BOOKMARK [2][-]{subsection.3.1}{\376\377\000C\000o\000r\000p\000u\000s\000\040\000c\000o\000n\000s\000t\000r\000u\000c\000t\000i\000o\000n\000\040\000a\000n\000d\000\040\000g\000e\000n\000r\000e\000\040\000c\000l\000a\000s\000s\000i\000f\000i\000c\000a\000t\000i\000o\000n}{section.3}% 17
\BOOKMARK [2][-]{subsection.3.2}{\376\377\000C\000o\000r\000p\000u\000s\000\040\000i\000n\000v\000e\000n\000t\000o\000r\000y\000\040\000\050\000T\000a\000b\000l\000e\000\040\000S\0007\000\051}{section.3}% 18
\BOOKMARK [2][-]{subsection.3.3}{\376\377\000S\000e\000a\000r\000c\000h\000\040\000a\000n\000d\000\040\000c\000l\000a\000s\000s\000i\000f\000i\000c\000a\000t\000i\000o\000n\000\040\000m\000e\000t\000h\000o\000d\000o\000l\000o\000g\000y}{section.3}% 19
\BOOKMARK [2][-]{subsection.3.4}{\376\377\000T\000L\000G\000\040\000h\000i\000t\000-\000l\000e\000v\000e\000l\000\040\000c\000i\000t\000a\000t\000i\000o\000n\000\040\000r\000e\000c\000o\000r\000d}{section.3}% 20
\BOOKMARK [2][-]{subsection.3.5}{\376\377\000T\000h\000e\000m\000a\000t\000i\000c\000\040\000o\000p\000e\000r\000a\000t\000i\000o\000n\000a\000l\000i\000z\000a\000t\000i\000o\000n\000\040\000o\000f\000\040\000f\000e\000a\000t\000u\000r\000e\000s\000\040\000A\040\023\000D}{section.3}% 21
\BOOKMARK [2][-]{subsection.3.6}{\376\377\000S\000t\000a\000t\000i\000s\000t\000i\000c\000a\000l\000\040\000m\000e\000t\000h\000o\000d\000o\000l\000o\000g\000y}{section.3}% 22
\BOOKMARK [2][-]{subsection.3.7}{\376\377\000G\000u\000i\000d\000i\000n\000g\000-\000s\000t\000a\000r\000\040\000c\000o\000r\000p\000u\000s\000\040\000a\000n\000d\000\040\000B\000a\000y\000e\000s\000\040\000f\000a\000c\000t\000o\000r\000\040\000\050\000T\000a\000b\000l\000e\000\040\000S\0001\0001\000\051}{section.3}% 23
\BOOKMARK [1][-]{section.4}{\376\377\000S\000o\000f\000t\000w\000a\000r\000e\000\040\000a\000n\000d\000\040\000c\000o\000m\000p\000u\000t\000a\000t\000i\000o\000n\000a\000l\000\040\000e\000n\000v\000i\000r\000o\000n\000m\000e\000n\000t}{}% 24
\BOOKMARK [1][-]{section.5}{\376\377\000S\000u\000p\000p\000l\000e\000m\000e\000n\000t\000a\000r\000y\000\040\000d\000i\000s\000c\000u\000s\000s\000i\000o\000n}{}% 25
\BOOKMARK [2][-]{subsection.5.1}{\376\377\000C\000o\000r\000p\000u\000s\000-\000l\000i\000n\000g\000u\000i\000s\000t\000i\000c\000\040\000f\000i\000n\000d\000i\000n\000g\000\040\000i\000n\000\040\000c\000o\000n\000t\000e\000x\000t}{section.5}% 26
\BOOKMARK [2][-]{subsection.5.2}{\376\377\037\020\003\300\003\254\003\275\003\311\000\040\000a\000n\000d\000\040\000t\000h\000e\000\040\000p\000r\000e\000p\000o\000s\000i\000t\000i\000o\000n\000\040\000d\000a\000t\000a\000\040\000i\000n\000\040\000d\000e\000t\000a\000i\000l}{section.5}% 27
\BOOKMARK [2][-]{subsection.5.3}{\376\377\000L\000e\000g\000e\000n\000d\000a\000r\000y\000\040\000g\000e\000n\000r\000e\000\040\000o\000f\000\040\000t\000h\000e\000\040\000g\000u\000i\000d\000i\000n\000g\000-\000s\000t\000a\000r\000\040\000t\000r\000a\000d\000i\000t\000i\000o\000n}{section.5}% 28
\BOOKMARK [2][-]{subsection.5.4}{\376\377\000W\000i\000t\000h\000i\000n\000-\000M\000a\000t\000t\000h\000e\000w\000\040\000l\000e\000x\000i\000c\000a\000l\000\040\000c\000o\000n\000s\000i\000s\000t\000e\000n\000c\000y\000\040\000a\000n\000a\000l\000y\000s\000i\000s}{section.5}% 29
\BOOKMARK [2][-]{subsection.5.5}{\376\377\000N\000i\000g\000h\000t\000t\000i\000m\000e\000\040\000c\000l\000o\000s\000e\000-\000f\000l\000y\000b\000y\000\040\000c\000o\000m\000e\000t\000\040\000s\000u\000r\000v\000e\000y\000\040\000a\000n\000d\000\040\000o\000p\000t\000i\000m\000i\000z\000e\000r}{section.5}% 30
